
> own-layout@0.0.0 build
> vite build

[36mvite v6.4.3 [32mbuilding for production...[36m[39m
transforming...
[32m✓[39m 5442 modules transformed.
rendering chunks...
computing gzip size...
[2mdist/[22m[32mindex.html                 [39m[1m[2m    0.53 kB[22m[1m[22m[2m │ gzip:   0.33 kB[22m
[2mdist/[22m[32massets/logo-Cn5alfui.png   [39m[1m[2m  941.18 kB[22m[1m[22m
[2mdist/[22m[35massets/index-n-QxqrE-.css  [39m[1m[2m   93.92 kB[22m[1m[22m[2m │ gzip:  15.72 kB[22m
[2mdist/[22m[36massets/vendor-BAu3hE4i.js  [39m[1m[2m  235.67 kB[22m[1m[22m[2m │ gzip:  77.28 kB[22m
[2mdist/[22m[36massets/index-C1Z_J5wr.js   [39m[1m[33m2,105.22 kB[39m[22m[2m │ gzip: 576.40 kB[22m

(!) Some chunks are larger than 1000 kB after minification. Consider:
- Using dynamic import() to code-split the application
- Use build.rollupOptions.output.manualChunks to improve chunking: https://rollupjs.org/configuration-options/#output-manualchunks
- Adjust chunk size limit for this warning via build.chunkSizeWarningLimit.
[32m✓ built in 1m 12s[39m
